// Jest Snapshot v1, https://goo.gl/fbAQLP

exports[`the apollo auth context can query stuff 1`] = `
Object {
  "data": Object {
    "users": Array [],
  },
  "loading": false,
  "networkStatus": 7,
}
`;
