// Jest Snapshot v1, https://goo.gl/fbAQLP

exports[`the affirmations resolver can send affirmations 1`] = `
Object {
  "from": 1,
  "to": "1",
}
`;
