// Jest Snapshot v1, https://goo.gl/fbAQLP

exports[`the mocked auth provider exists 1`] = `<DocumentFragment />`;
