// Jest Snapshot v1, https://goo.gl/fbAQLP

exports[`the home page renders as expected 1`] = `
<DocumentFragment>
  <h2
    class="MuiTypography-root MuiTypography-h2"
  >
    Home
  </h2>
</DocumentFragment>
`;
